../Core/Src/main.c:200:10:get_micros	4	static
../Core/Src/main.c:207:6:delay_us_home	16	static
../Core/Src/main.c:215:6:Send_Done	16	static
../Core/Src/main.c:223:10:Calculate_CRC16_Modbus	24	static
../Core/Src/main.c:239:9:Process_Incoming_Packet	32	static
../Core/Src/main.c:263:6:HAL_UART_RxCpltCallback	16	static
../Core/Src/main.c:276:6:Stepper_Init	24	static
../Core/Src/main.c:302:6:Motor_Init	40	static
../Core/Src/main.c:313:6:Set_Motor_Angle	24	static
../Core/Src/main.c:335:6:Set_All_Motors_Synced	72	static
../Core/Src/main.c:387:6:Set_All_Motors_Speed	24	static
../Core/Src/main.c:401:6:Stepper_Update	40	static
../Core/Src/main.c:447:6:Update_Motors	16	static
../Core/Src/main.c:461:6:Go_Home	16	static
../Core/Src/main.c:502:13:Gripper_SetFinger	24	static
../Core/Src/main.c:513:13:Gripper_SetRotate	24	static
../Core/Src/main.c:538:6:Gripper_Update	8	static
../Core/Src/main.c:577:6:Gripper_Command	16	static
../Core/Src/main.c:602:5:main	32	static
../Core/Src/main.c:793:6:SystemClock_Config	88	static
../Core/Src/main.c:831:13:MX_TIM1_Init	32	static
../Core/Src/main.c:863:13:MX_USART1_UART_Init	8	static
../Core/Src/main.c:882:13:MX_USART2_UART_Init	8	static
../Core/Src/main.c:901:13:MX_GPIO_Init	48	static
../Core/Src/main.c:984:6:Error_Handler	4	static,ignoring_inline_asm
